--- Startup times for process: Primary (or UI client) ---

times in msec
 clock   self+sourced   self:  sourced script
 clock   elapsed:              other lines

000.000  000.000: --- NVIM STARTING ---
000.045  000.044: event init
000.116  000.072: early init
000.347  000.231: locale set
000.375  000.028: init first window
000.623  000.248: inits 1
000.627  000.004: window checked
000.713  000.086: parsing arguments
000.975  000.022  000.022: require('vim.shared')
001.025  000.020  000.020: require('vim.inspect')
001.047  000.018  000.018: require('vim._options')
001.049  000.072  000.034: require('vim._editor')
001.074  000.025  000.025: require('vim._system')
001.075  000.139  000.019: require('vim._init_packages')
001.076  000.224: init lua interpreter
003.086  002.009: nvim_ui_attach
003.270  000.184: nvim_set_client_info
003.271  000.001: --- NVIM STARTED ---

--- Startup times for process: Embedded ---

times in msec
 clock   self+sourced   self:  sourced script
 clock   elapsed:              other lines

000.000  000.000: --- NVIM STARTING ---
000.043  000.043: event init
000.107  000.063: early init
000.325  000.219: locale set
000.344  000.019: init first window
000.542  000.198: inits 1
000.552  000.010: window checked
000.641  000.089: parsing arguments
000.893  000.023  000.023: require('vim.shared')
000.940  000.020  000.020: require('vim.inspect')
000.965  000.020  000.020: require('vim._options')
000.966  000.072  000.032: require('vim._editor')
000.988  000.021  000.021: require('vim._system')
000.988  000.131  000.016: require('vim._init_packages')
000.990  000.218: init lua interpreter
002.238  001.248: expanding arguments
002.248  000.010: inits 2
002.393  000.145: init highlight
002.393  000.001: waiting for UI
002.497  000.104: done waiting for UI
002.503  000.005: clear screen
002.586  000.010  000.010: require('vim.keymap')
003.191  000.092  000.092: sourcing nvim_exec2()
003.298  000.793  000.691: require('vim._defaults')
003.299  000.003: init default mappings & autocommands
003.771  000.045  000.045: sourcing /Users/willsonsmith/Downloads/nvim-macos-arm64/share/nvim/runtime/ftplugin.vim
003.850  000.017  000.017: sourcing /Users/willsonsmith/Downloads/nvim-macos-arm64/share/nvim/runtime/indent.vim
004.267  000.321  000.321: require('preferences')
004.902  000.120  000.120: require('vim._async')
004.938  000.569  000.448: require('vim.pack')
004.962  000.017  000.017: require('vim.fs')
005.006  000.002  000.002: require('vim.F')
005.406  000.018  000.018: sourcing /Users/willsonsmith/.local/share/nvim/site/pack/core/opt/plenary.nvim/plugin/plenary.vim
006.260  000.103  000.103: sourcing /Users/willsonsmith/.local/share/nvim/site/pack/core/opt/vim-gitgutter/autoload/gitgutter/utility.vim
006.573  000.078  000.078: sourcing /Users/willsonsmith/.local/share/nvim/site/pack/core/opt/vim-gitgutter/autoload/gitgutter/highlight.vim
006.997  001.218  001.038: sourcing /Users/willsonsmith/.local/share/nvim/site/pack/core/opt/vim-gitgutter/plugin/gitgutter.vim
008.512  000.111  000.111: require('Comment.config')
008.893  000.181  000.181: require('Comment.ft')
008.895  000.383  000.201: require('Comment.utils')
009.045  000.149  000.149: require('Comment.opfunc')
009.172  000.126  000.126: require('Comment.extra')
009.174  001.226  000.457: require('Comment.api')
009.234  001.323  000.097: sourcing /Users/willsonsmith/.local/share/nvim/site/pack/core/opt/Comment.nvim/plugin/Comment.lua
009.780  000.105  000.105: require('nvim-autopairs._log')
009.965  000.183  000.183: require('nvim-autopairs.utils')
010.462  000.206  000.206: require('nvim-autopairs.conds')
010.466  000.364  000.158: require('nvim-autopairs.rule')
010.467  000.502  000.138: require('nvim-autopairs.rules.basic')
010.473  001.165  000.375: require('nvim-autopairs')
011.136  000.327  000.327: require('nvim-surround')
011.466  000.329  000.329: require('nvim-surround.config')
011.570  000.103  000.103: require('nvim-surround.input')
011.986  000.185  000.185: require('nvim-surround.buffer')
012.100  000.112  000.112: require('Comment')
013.091  000.522  000.522: require('catppuccin')
013.255  000.094  000.094: require('catppuccin.lib.hashing')
013.351  000.095  000.095: require('catppuccin.palettes')
013.447  000.094  000.094: require('catppuccin.palettes.mocha')
014.252  000.612  000.612: sourcing /Users/willsonsmith/.local/share/nvim/site/pack/core/opt/nvim/colors/catppuccin-frappe.vim
014.366  002.184  000.768: require('plugins.theme')
016.028  000.159  000.159: require('nvim-treesitter.utils')
018.103  000.141  000.141: require('vim.treesitter.language')
018.201  000.097  000.097: require('vim.func')
018.325  000.121  000.121: require('vim.func._memoize')
018.339  000.751  000.392: require('vim.treesitter.query')
018.483  000.144  000.144: require('vim.treesitter._range')
018.490  001.342  000.447: require('vim.treesitter.languagetree')
018.495  001.591  000.250: require('vim.treesitter')
018.865  002.835  001.244: require('nvim-treesitter.parsers')
019.585  000.102  000.102: require('nvim-treesitter.compat')
019.943  000.221  000.221: require('nvim-treesitter.ts_utils')
019.946  000.360  000.139: require('nvim-treesitter.tsrange')
020.046  000.099  000.099: require('nvim-treesitter.caching')
020.051  000.780  000.219: require('nvim-treesitter.query')
020.057  001.039  000.259: require('nvim-treesitter.configs')
020.060  001.194  000.154: require('nvim-treesitter.info')
020.241  000.180  000.180: require('nvim-treesitter.shell_command_selectors')
020.250  004.793  000.425: require('nvim-treesitter.install')
020.354  000.103  000.103: require('nvim-treesitter.statusline')
020.485  000.130  000.130: require('nvim-treesitter.query_predicates')
020.487  005.513  000.486: require('nvim-treesitter')
020.781  000.291  000.291: require('vim.iter')
021.168  006.225  000.420: sourcing /Users/willsonsmith/.local/share/nvim/site/pack/core/opt/nvim-treesitter/plugin/nvim-treesitter.lua
057.080  000.179  000.179: require('nvim-treesitter.highlight')
057.083  042.716  036.312: require('plugins.treesitter')
057.978  000.147  000.147: sourcing /Users/willsonsmith/.local/share/nvim/site/pack/core/opt/telescope.nvim/plugin/telescope.lua
058.543  000.111  000.111: require('telescope._extensions')
058.545  000.518  000.406: require('telescope')
059.580  000.199  000.199: require('plenary.bit')
059.702  000.121  000.121: require('plenary.functional')
059.718  000.012  000.012: require('ffi')
059.733  000.742  000.411: require('plenary.path')
059.742  000.946  000.204: require('plenary.strings')
059.828  000.085  000.085: require('telescope.deprecated')
060.407  000.229  000.229: require('plenary.log')
060.452  000.353  000.124: require('telescope.log')
061.182  000.100  000.100: require('plenary.compat')
061.185  000.389  000.288: require('plenary.job')
061.277  000.090  000.090: require('telescope.state')
061.293  000.840  000.361: require('telescope.utils')
061.296  001.467  000.274: require('telescope.sorters')
062.337  003.791  001.293: require('telescope.config')
063.261  000.298  000.298: require('telescope.builtin')
063.285  006.202  001.448: require('plugins.telescope')
063.848  000.033  000.033: sourcing /Users/willsonsmith/.local/share/nvim/site/pack/core/opt/nvim-web-devicons/plugin/nvim-web-devicons.vim
065.190  000.146  000.146: require('lualine_require')
065.413  001.069  000.923: require('lualine')
065.552  000.007  000.007: sourcing nvim_exec2() called at /Users/willsonsmith/.config/nvim/init.lua:0
065.930  000.139  000.139: require('catppuccin.utils.lualine')
066.037  000.105  000.105: require('catppuccin.palettes.frappe')
066.380  000.006  000.006: sourcing nvim_exec2() called at /Users/willsonsmith/.config/nvim/init.lua:0
066.388  000.002  000.002: sourcing nvim_exec2() called at /Users/willsonsmith/.config/nvim/init.lua:0
066.394  000.001  000.001: sourcing nvim_exec2() called at /Users/willsonsmith/.config/nvim/init.lua:0
066.399  000.001  000.001: sourcing nvim_exec2() called at /Users/willsonsmith/.config/nvim/init.lua:0
066.404  000.001  000.001: sourcing nvim_exec2() called at /Users/willsonsmith/.config/nvim/init.lua:0
066.409  000.001  000.001: sourcing nvim_exec2() called at /Users/willsonsmith/.config/nvim/init.lua:0
066.416  000.001  000.001: sourcing nvim_exec2() called at /Users/willsonsmith/.config/nvim/init.lua:0
066.421  000.001  000.001: sourcing nvim_exec2() called at /Users/willsonsmith/.config/nvim/init.lua:0
066.425  000.001  000.001: sourcing nvim_exec2() called at /Users/willsonsmith/.config/nvim/init.lua:0
066.462  000.001  000.001: sourcing nvim_exec2() called at /Users/willsonsmith/.config/nvim/init.lua:0
066.556  000.001  000.001: sourcing nvim_exec2() called at /Users/willsonsmith/.config/nvim/init.lua:0
066.569  000.001  000.001: sourcing nvim_exec2() called at /Users/willsonsmith/.config/nvim/init.lua:0
066.583  000.001  000.001: sourcing nvim_exec2() called at /Users/willsonsmith/.config/nvim/init.lua:0
066.608  000.002  000.002: sourcing nvim_exec2() called at /Users/willsonsmith/.config/nvim/init.lua:0
066.656  000.002  000.002: sourcing nvim_exec2() called at /Users/willsonsmith/.config/nvim/init.lua:0
066.661  000.001  000.001: sourcing nvim_exec2() called at /Users/willsonsmith/.config/nvim/init.lua:0
066.664  000.001  000.001: sourcing nvim_exec2() called at /Users/willsonsmith/.config/nvim/init.lua:0
066.673  000.007  000.007: sourcing nvim_exec2() called at /Users/willsonsmith/.config/nvim/init.lua:0
067.203  000.123  000.123: require('lualine.utils.mode')
067.497  000.002  000.002: sourcing nvim_exec2() called at /Users/willsonsmith/.config/nvim/init.lua:0
067.501  000.002  000.002: sourcing nvim_exec2() called at /Users/willsonsmith/.config/nvim/init.lua:0
067.803  000.002  000.002: sourcing nvim_exec2() called at /Users/willsonsmith/.config/nvim/init.lua:0
067.810  000.001  000.001: sourcing nvim_exec2() called at /Users/willsonsmith/.config/nvim/init.lua:0
067.819  000.001  000.001: sourcing nvim_exec2() called at /Users/willsonsmith/.config/nvim/init.lua:0
067.827  000.001  000.001: sourcing nvim_exec2() called at /Users/willsonsmith/.config/nvim/init.lua:0
067.833  000.001  000.001: sourcing nvim_exec2() called at /Users/willsonsmith/.config/nvim/init.lua:0
067.841  000.001  000.001: sourcing nvim_exec2() called at /Users/willsonsmith/.config/nvim/init.lua:0
067.846  000.001  000.001: sourcing nvim_exec2() called at /Users/willsonsmith/.config/nvim/init.lua:0
067.856  000.001  000.001: sourcing nvim_exec2() called at /Users/willsonsmith/.config/nvim/init.lua:0
067.862  000.001  000.001: sourcing nvim_exec2() called at /Users/willsonsmith/.config/nvim/init.lua:0
067.867  000.001  000.001: sourcing nvim_exec2() called at /Users/willsonsmith/.config/nvim/init.lua:0
067.875  000.001  000.001: sourcing nvim_exec2() called at /Users/willsonsmith/.config/nvim/init.lua:0
067.880  000.001  000.001: sourcing nvim_exec2() called at /Users/willsonsmith/.config/nvim/init.lua:0
067.886  000.001  000.001: sourcing nvim_exec2() called at /Users/willsonsmith/.config/nvim/init.lua:0
067.891  000.001  000.001: sourcing nvim_exec2() called at /Users/willsonsmith/.config/nvim/init.lua:0
067.900  000.001  000.001: sourcing nvim_exec2() called at /Users/willsonsmith/.config/nvim/init.lua:0
067.908  000.001  000.001: sourcing nvim_exec2() called at /Users/willsonsmith/.config/nvim/init.lua:0
067.929  000.001  000.001: sourcing nvim_exec2() called at /Users/willsonsmith/.config/nvim/init.lua:0
067.936  000.001  000.001: sourcing nvim_exec2() called at /Users/willsonsmith/.config/nvim/init.lua:0
067.944  000.001  000.001: sourcing nvim_exec2() called at /Users/willsonsmith/.config/nvim/init.lua:0
067.949  000.001  000.001: sourcing nvim_exec2() called at /Users/willsonsmith/.config/nvim/init.lua:0
067.986  000.001  000.001: sourcing nvim_exec2() called at /Users/willsonsmith/.config/nvim/init.lua:0
068.135  000.003  000.003: sourcing nvim_exec2() called at /Users/willsonsmith/.config/nvim/init.lua:0
068.139  000.001  000.001: sourcing nvim_exec2() called at /Users/willsonsmith/.config/nvim/init.lua:0
068.144  000.001  000.001: sourcing nvim_exec2() called at /Users/willsonsmith/.config/nvim/init.lua:0
068.147  000.002  000.002: sourcing nvim_exec2() called at /Users/willsonsmith/.config/nvim/init.lua:0
069.174  000.003  000.003: sourcing nvim_exec2() called at /Users/willsonsmith/.config/nvim/init.lua:0
069.191  000.001  000.001: sourcing nvim_exec2() called at /Users/willsonsmith/.config/nvim/init.lua:0
069.205  000.001  000.001: sourcing nvim_exec2() called at /Users/willsonsmith/.config/nvim/init.lua:0
069.213  000.001  000.001: sourcing nvim_exec2() called at /Users/willsonsmith/.config/nvim/init.lua:0
069.222  000.001  000.001: sourcing nvim_exec2() called at /Users/willsonsmith/.config/nvim/init.lua:0
069.229  000.001  000.001: sourcing nvim_exec2() called at /Users/willsonsmith/.config/nvim/init.lua:0
069.241  000.001  000.001: sourcing nvim_exec2() called at /Users/willsonsmith/.config/nvim/init.lua:0
069.262  000.001  000.001: sourcing nvim_exec2() called at /Users/willsonsmith/.config/nvim/init.lua:0
069.270  000.001  000.001: sourcing nvim_exec2() called at /Users/willsonsmith/.config/nvim/init.lua:0
069.281  000.001  000.001: sourcing nvim_exec2() called at /Users/willsonsmith/.config/nvim/init.lua:0
069.291  000.001  000.001: sourcing nvim_exec2() called at /Users/willsonsmith/.config/nvim/init.lua:0
069.297  000.001  000.001: sourcing nvim_exec2() called at /Users/willsonsmith/.config/nvim/init.lua:0
069.305  000.001  000.001: sourcing nvim_exec2() called at /Users/willsonsmith/.config/nvim/init.lua:0
069.309  000.001  000.001: sourcing nvim_exec2() called at /Users/willsonsmith/.config/nvim/init.lua:0
069.318  000.001  000.001: sourcing nvim_exec2() called at /Users/willsonsmith/.config/nvim/init.lua:0
069.332  000.003  000.003: sourcing nvim_exec2() called at /Users/willsonsmith/.config/nvim/init.lua:0
069.342  000.001  000.001: sourcing nvim_exec2() called at /Users/willsonsmith/.config/nvim/init.lua:0
069.389  000.001  000.001: sourcing nvim_exec2() called at /Users/willsonsmith/.config/nvim/init.lua:0
069.393  000.001  000.001: sourcing nvim_exec2() called at /Users/willsonsmith/.config/nvim/init.lua:0
069.401  000.001  000.001: sourcing nvim_exec2() called at /Users/willsonsmith/.config/nvim/init.lua:0
069.409  000.001  000.001: sourcing nvim_exec2() called at /Users/willsonsmith/.config/nvim/init.lua:0
069.420  000.001  000.001: sourcing nvim_exec2() called at /Users/willsonsmith/.config/nvim/init.lua:0
069.426  000.001  000.001: sourcing nvim_exec2() called at /Users/willsonsmith/.config/nvim/init.lua:0
069.432  000.001  000.001: sourcing nvim_exec2() called at /Users/willsonsmith/.config/nvim/init.lua:0
069.439  000.001  000.001: sourcing nvim_exec2() called at /Users/willsonsmith/.config/nvim/init.lua:0
069.444  000.001  000.001: sourcing nvim_exec2() called at /Users/willsonsmith/.config/nvim/init.lua:0
069.449  000.001  000.001: sourcing nvim_exec2() called at /Users/willsonsmith/.config/nvim/init.lua:0
069.461  000.001  000.001: sourcing nvim_exec2() called at /Users/willsonsmith/.config/nvim/init.lua:0
070.712  000.219  000.219: require('nvim-navic.lib')
070.714  000.458  000.239: require('nvim-navic')
070.732  000.007  000.007: sourcing nvim_exec2() called at /Users/willsonsmith/.config/nvim/init.lua:0
070.746  000.002  000.002: sourcing nvim_exec2() called at /Users/willsonsmith/.config/nvim/init.lua:0
070.758  000.010  000.010: sourcing nvim_exec2() called at /Users/willsonsmith/.config/nvim/init.lua:0
070.763  000.003  000.003: sourcing nvim_exec2() called at /Users/willsonsmith/.config/nvim/init.lua:0
070.767  000.003  000.003: sourcing nvim_exec2() called at /Users/willsonsmith/.config/nvim/init.lua:0
070.771  000.001  000.001: sourcing nvim_exec2() called at /Users/willsonsmith/.config/nvim/init.lua:0
070.777  000.005  000.005: sourcing nvim_exec2() called at /Users/willsonsmith/.config/nvim/init.lua:0
070.786  007.500  005.431: require('plugins.lualine')
072.080  000.866  000.866: require('oil')
072.289  000.208  000.208: require('oil.ringbuf')
072.504  000.213  000.213: require('oil.config')
073.378  000.671  000.671: require('vim.filetype')
074.041  000.142  000.142: require('oil.log')
074.056  000.404  000.263: require('oil.fs')
074.622  000.098  000.098: require('oil.constants')
074.646  000.590  000.492: require('oil.util')
074.928  000.074  000.074: sourcing /Users/willsonsmith/.local/share/nvim/site/pack/core/opt/vim-gitgutter/autoload/gitgutter.vim
075.078  000.063  000.063: sourcing /Users/willsonsmith/.local/share/nvim/site/pack/core/opt/vim-gitgutter/autoload/gitgutter/sign.vim
075.319  000.166  000.166: sourcing /Users/willsonsmith/.local/share/nvim/site/pack/core/opt/vim-gitgutter/autoload/gitgutter/hunk.vim
075.402  004.614  001.359: require('plugins.oil')
077.410  000.463  000.463: require('cmp.utils.api')
077.610  000.105  000.105: require('cmp.types.cmp')
077.917  000.162  000.162: require('cmp.utils.misc')
077.924  000.313  000.151: require('cmp.types.lsp')
078.007  000.083  000.083: require('cmp.types.vim')
078.009  000.597  000.097: require('cmp.types')
078.105  000.095  000.095: require('cmp.utils.highlight')
078.327  000.085  000.085: require('cmp.utils.debug')
078.330  000.194  000.109: require('cmp.utils.autocmd')
078.471  000.004  000.004: sourcing nvim_exec2() called at /Users/willsonsmith/.local/share/nvim/site/pack/core/opt/nvim-cmp/plugin/cmp.lua:0
078.473  001.580  000.227: sourcing /Users/willsonsmith/.local/share/nvim/site/pack/core/opt/nvim-cmp/plugin/cmp.lua
078.825  000.097  000.097: require('util')
078.917  000.282  000.185: require('snippets.swift')
078.918  000.394  000.112: require('snippets')
079.710  000.146  000.146: require('cmp.utils.char')
079.713  000.290  000.144: require('cmp.utils.str')
080.091  000.085  000.085: require('cmp.utils.buffer')
080.095  000.270  000.185: require('cmp.utils.keymap')
080.096  000.382  000.112: require('cmp.utils.feedkeys')
080.558  000.142  000.142: require('cmp.config.mapping')
080.652  000.093  000.093: require('cmp.utils.cache')
080.940  000.166  000.166: require('cmp.config.compare')
080.941  000.288  000.122: require('cmp.config.default')
080.950  000.685  000.163: require('cmp.config')
080.956  000.859  000.174: require('cmp.utils.async')
081.151  000.085  000.085: require('cmp.utils.pattern')
081.152  000.196  000.111: require('cmp.context')
081.888  000.246  000.246: require('cmp.utils.snippet')
082.068  000.178  000.178: require('cmp.matcher')
082.071  000.712  000.288: require('cmp.entry')
082.074  000.921  000.209: require('cmp.source')
082.367  000.095  000.095: require('cmp.utils.event')
082.803  000.084  000.084: require('cmp.utils.options')
082.805  000.294  000.210: require('cmp.utils.window')
082.807  000.439  000.145: require('cmp.view.docs_view')
083.113  000.306  000.306: require('cmp.view.custom_entries_view')
083.337  000.223  000.223: require('cmp.view.wildmenu_entries_view')
083.498  000.160  000.160: require('cmp.view.native_entries_view')
083.651  000.152  000.152: require('cmp.view.ghost_text_view')
083.656  001.581  000.207: require('cmp.view')
083.834  004.698  000.468: require('cmp.core')
084.022  000.087  000.087: require('cmp.config.sources')
084.116  000.093  000.093: require('cmp.config.window')
084.174  005.255  000.377: require('cmp')
084.388  008.986  001.757: require('plugins.cmp')
084.836  000.026  000.026: sourcing /Users/willsonsmith/.local/share/nvim/site/pack/core/opt/neoformat/plugin/neoformat.vim
084.892  000.502  000.476: require('plugins.neoformat')
084.893  080.625  002.554: require('plugins')
085.336  000.442  000.442: require('lsp')
085.337  081.415  000.026: sourcing /Users/willsonsmith/.config/nvim/init.lua
085.340  000.565: sourcing vimrc file(s)
085.676  000.010  000.010: sourcing /Applications/Ghostty.app/Contents/Resources/ghostty/../nvim/site/ftdetect/ghostty.vim
085.705  000.192  000.182: sourcing nvim_exec2() called at /Users/willsonsmith/Downloads/nvim-macos-arm64/share/nvim/runtime/filetype.lua:0
085.706  000.236  000.044: sourcing /Users/willsonsmith/Downloads/nvim-macos-arm64/share/nvim/runtime/filetype.lua
085.903  000.036  000.036: sourcing /Users/willsonsmith/Downloads/nvim-macos-arm64/share/nvim/runtime/syntax/synload.vim
085.948  000.177  000.141: sourcing /Users/willsonsmith/Downloads/nvim-macos-arm64/share/nvim/runtime/syntax/syntax.vim
086.205  000.004  000.004: sourcing /Users/willsonsmith/.local/share/nvim/site/pack/core/opt/neoformat/plugin/neoformat.vim
086.371  000.057  000.057: sourcing /Users/willsonsmith/.local/share/nvim/site/pack/core/opt/nvim-cmp/plugin/cmp.lua
086.600  000.004  000.004: sourcing /Users/willsonsmith/.local/share/nvim/site/pack/core/opt/nvim-web-devicons/plugin/nvim-web-devicons.vim
086.811  000.107  000.107: sourcing /Users/willsonsmith/.local/share/nvim/site/pack/core/opt/telescope.nvim/plugin/telescope.lua
086.963  000.022  000.022: sourcing /Users/willsonsmith/.local/share/nvim/site/pack/core/opt/nvim-treesitter/plugin/nvim-treesitter.lua
087.255  000.170  000.170: sourcing /Users/willsonsmith/.local/share/nvim/site/pack/core/opt/Comment.nvim/plugin/Comment.lua
087.406  000.007  000.007: sourcing /Users/willsonsmith/.local/share/nvim/site/pack/core/opt/vim-gitgutter/plugin/gitgutter.vim
087.523  000.013  000.013: sourcing /Users/willsonsmith/.local/share/nvim/site/pack/core/opt/plenary.nvim/plugin/plenary.vim
088.171  000.095  000.095: sourcing /Users/willsonsmith/Downloads/nvim-macos-arm64/share/nvim/runtime/plugin/gzip.vim
088.839  000.087  000.087: sourcing /Users/willsonsmith/Downloads/nvim-macos-arm64/share/nvim/runtime/pack/dist/opt/matchit/plugin/matchit.vim
088.864  000.663  000.575: sourcing /Users/willsonsmith/Downloads/nvim-macos-arm64/share/nvim/runtime/plugin/matchit.vim
088.968  000.074  000.074: sourcing /Users/willsonsmith/Downloads/nvim-macos-arm64/share/nvim/runtime/plugin/matchparen.vim
089.003  000.005  000.005: sourcing /Users/willsonsmith/Downloads/nvim-macos-arm64/share/nvim/runtime/plugin/netrwPlugin.vim
089.135  000.005  000.005: sourcing /Users/willsonsmith/.local/share/nvim/rplugin.vim
089.138  000.106  000.101: sourcing /Users/willsonsmith/Downloads/nvim-macos-arm64/share/nvim/runtime/plugin/rplugin.vim
089.175  000.008  000.008: sourcing /Users/willsonsmith/Downloads/nvim-macos-arm64/share/nvim/runtime/plugin/spellfile.vim
089.248  000.044  000.044: sourcing /Users/willsonsmith/Downloads/nvim-macos-arm64/share/nvim/runtime/plugin/tarPlugin.vim
089.286  000.009  000.009: sourcing /Users/willsonsmith/Downloads/nvim-macos-arm64/share/nvim/runtime/plugin/tutor.vim
089.375  000.060  000.060: sourcing /Users/willsonsmith/Downloads/nvim-macos-arm64/share/nvim/runtime/plugin/zipPlugin.vim
089.434  000.026  000.026: sourcing /Users/willsonsmith/Downloads/nvim-macos-arm64/share/nvim/runtime/plugin/editorconfig.lua
089.502  000.039  000.039: sourcing /Users/willsonsmith/Downloads/nvim-macos-arm64/share/nvim/runtime/plugin/man.lua
089.578  000.044  000.044: sourcing /Users/willsonsmith/Downloads/nvim-macos-arm64/share/nvim/runtime/plugin/nvim/net.lua
089.668  000.058  000.058: sourcing /Users/willsonsmith/Downloads/nvim-macos-arm64/share/nvim/runtime/plugin/osc52.lua
089.794  000.095  000.095: sourcing /Users/willsonsmith/Downloads/nvim-macos-arm64/share/nvim/runtime/plugin/shada.lua
089.850  000.024  000.024: sourcing /Users/willsonsmith/Downloads/nvim-macos-arm64/share/nvim/runtime/plugin/tohtml.lua
089.874  002.388: loading rtp plugins
089.979  000.105: loading packages
090.661  000.247  000.247: require('cmp_cmdline')
090.704  000.305  000.058: sourcing /Users/willsonsmith/.local/share/nvim/site/pack/core/opt/cmp-cmdline/after/plugin/cmp_cmdline.lua
091.020  000.202  000.202: require('cmp_path')
091.031  000.227  000.025: sourcing /Users/willsonsmith/.local/share/nvim/site/pack/core/opt/cmp-path/after/plugin/cmp_path.lua
091.705  000.102  000.102: require('cmp_buffer.timer')
091.707  000.313  000.211: require('cmp_buffer.buffer')
091.710  000.454  000.140: require('cmp_buffer.source')
091.711  000.554  000.101: require('cmp_buffer')
091.721  000.579  000.025: sourcing /Users/willsonsmith/.local/share/nvim/site/pack/core/opt/cmp-buffer/after/plugin/cmp_buffer.lua
092.140  000.147  000.147: require('cmp_nvim_lsp.source')
092.141  000.304  000.157: require('cmp_nvim_lsp')
092.147  000.323  000.019: sourcing /Users/willsonsmith/.local/share/nvim/site/pack/core/opt/cmp-nvim-lsp/after/plugin/cmp_nvim_lsp.lua
092.159  000.747: loading after plugins
092.165  000.006: inits 3
095.175  003.010: reading ShaDa
095.778  000.327  000.327: require('oil.actions')
095.950  000.171  000.171: require('oil.layout')
095.951  000.731  000.233: require('oil.keymap_util')
096.083  000.131  000.131: require('oil.loading')
096.937  000.217  000.217: require('oil.cache')
097.882  000.187  000.187: require('nvim-web-devicons.filetypes')
098.578  000.580  000.580: require('nvim-web-devicons.default.icons_by_filename')
099.360  000.781  000.781: require('nvim-web-devicons.default.icons_by_file_extension')
099.522  000.161  000.161: require('nvim-web-devicons.default.icons_by_operating_system')
099.637  000.114  000.114: require('nvim-web-devicons.default.icons_by_desktop_environment')
099.772  000.134  000.134: require('nvim-web-devicons.default.icons_by_window_manager')
099.802  001.907  000.137: require('nvim-web-devicons.icons-default')
099.943  002.538  000.444: require('nvim-web-devicons')
099.952  003.012  000.475: require('oil.columns')
099.957  003.874  000.644: require('oil.view')
100.466  000.141  000.141: require('oil.git')
100.608  000.141  000.141: require('oil.adapters.files.permissions')
100.720  000.111  000.111: require('oil.adapters.files.trash')
100.726  000.762  000.369: require('oil.adapters.files')
102.466  000.030  000.030: sourcing /Users/willsonsmith/.local/share/nvim/site/pack/core/opt/oil.nvim/syntax/oil.vim
104.334  003.632: opening buffers
104.934  000.600: BufEnter autocommands
104.935  000.002: editing files in windows
104.969  000.034: VimEnter autocommands
105.097  000.128: UIEnter autocommands
105.098  000.001: before starting main loop
105.227  000.129: first screen update
105.227  000.001: --- NVIM STARTED ---

